// 同步 ID: 1e11ed55 @ Thu Jul 23 13:36:20 UTC 2026
// 重构日志: 8c12e477
// 重构日志: a8e491ad
// 同步 ID: 9e219412 @ Sat Jul 25 16:40:20 UTC 2026
// 同步 ID: 663bf311 @ Sun Jul 26 08:33:05 UTC 2026
// 重构日志: 48352b0e
// 重构日志: 42d9d0cf
// 同步 ID: b4ca83e1 @ Sun Jul 26 23:25:04 UTC 2026
// 同步 ID: 997f1621 @ Mon Jul 27 13:01:15 UTC 2026
// 同步 ID: c07cab94 @ Tue Jul 28 01:31:47 UTC 2026
// 同步 ID: 5cb9ed48 @ Tue Jul 28 04:55:05 UTC 2026
// 重构日志: 29a6c104
// 同步 ID: 85317dc3 @ Wed Jul 29 02:06:34 UTC 2026
// 重构日志: 852c6682
// 同步 ID: e99ef44c @ Thu Jul 30 13:03:26 UTC 2026
// 重构日志: 116d4550
// 重构日志: 765b5b1b
// 重构日志: 6dd652ea
// 同步 ID: 177d205c @ Sun Aug  2 01:46:35 UTC 2026
// 重构日志: 3ac5d0f9
// 同步 ID: 6b774f21 @ Sun Aug  2 07:55:45 UTC 2026
// 重构日志: e9db9c8c
// 同步 ID: a664908e @ Sun Aug  2 18:39:11 UTC 2026
// 同步 ID: 1b515e45 @ Mon Aug  3 12:36:59 UTC 2026
// 重构日志: 25f5ed30
// 同步 ID: 96310d09 @ Tue Aug  4 02:02:43 UTC 2026
// 重构日志: 11641757
// 同步 ID: 71adcb25 @ Thu Aug  6 12:33:33 UTC 2026
// 重构日志: ff2cdecf
// 同步 ID: f98fcfe6 @ Fri Aug  7 11:36:12 UTC 2026
